1	7404470	7404472	*/CCTATGTCTCCT
1	7409336	7409338	*/CTC
1	7416053	7416055	TG/*
1	7417000	7417001	C/*
1	7417097	7417101	CCAT/*
1	7417098	7417102	CATT/*
1	7417524	7417525	A/*
1	7430268	7430269	G/*
1	7431553	7431554	C/*
1	7433527	7433529	*/G
1	7435579	7435580	C/*
1	7443091	7443092	G/*
1	7443240	7443241	C/*
1	7448141	7448142	G/*
1	7455564	7455566	*/C
1	7460922	7460924	*/TG
1	7460925	7460927	*/GG
1	7461358	7461360	*/TTTA
1	7461677	7461678	G/*
1	7462584	7462586	TA/*
1	7462752	7462754	*/GC
1	7462865	7462867	AC/*
