1	233507473	233507475	*/A
1	235810391	235810392	A/*
1	236555530	236555532	TG/*
1	239352591	239352593	AA/*
2	19605444	19605446	*/CT
2	24169340	24169342	*/A
2	24476029	24476030	A/*
2	29082560	29082562	*/TG
