1	5	7	*/A
1	6	8	*/A
1	8	10	*/C
1	10	12	*/N
1	12	13	A/*
1	14	16	*/C
1	17	19	*/T
1	18	20	*/A
1	20	22	*/C
1	23	25	*/T
1	26	28	*/C
1	27	29	*/CCAAA
1	30	31	A/*
1	32	34	*/C
1	34	37	CTA/*
1	35	36	T/*
1	36	37	A/*
1	37	39	*/ACC
1	38	40	*/C
1	39	41	*/A
