1	246	247	A/*
1	253	254	A/*
1	328	329	C/*
1	351	353	*/A
1	438	439	C/*
1	43000	43002	AA/*
1	63704	63705	T/*
1	73711	73713	*/G
1	73892	73894	*/A
1	98407	98409	*/A
1	233712	233716	AAGT/*
1	235196	235198	*/TTTA
1	237778	237781	AGG/*
1	237853	237855	AA/*
1	245771	245773	*/TG
1	394523	394525	GT/*
1	530402	530403	C/*
1	536871	536873	GT/*
1	536975	536977	GT/*
1	664844	664846	*/T
1	703648	703650	*/GCT
1	713660	713662	AG/*
1	715613	715615	*/T
1	716152	716153	T/*
