1	112480082	112480083	C/C	0	0
1	243690673	243690674	C/C	0	0
2	38513160	38513161	T/T	0	0
3	112342877	112342878	T/T	0	0
3	147143428	147143429	G/G	0	0
4	55113050	55113051	C/C	0	0
4	100501787	100501788	C/C	0	0
5	38509905	38509906	C/C	0	0
6	117712683	117712684	T/T	0	0
7	51063507	51063508	C/C	0	0
7	156123074	156123075	C/C	0	0
8	128535995	128535996	C/C	0	0
10	12594196	12594197	C/Y	0	0
10	24742114	24742115	T/T	0	0
10	63503927	63503928	C/C	0	0
10	86803735	86803736	T/T	0	0
10	91727328	91727329	T/T	0	0
10	99206055	99206056	T/Y	0	0
10	105957613	105957614	C/C	0	0
11	2943275	2943276	C/C	0	0
11	21538240	21538241	C/T	0	0
12	67037613	67037614	C/C	0	0
13	60344809	60344810	G/G	0	0
14	64131440	64131441	C/C	0	0
16	456922	456923	T/T	0	0
16	79678853	79678854	C/Y	0	0
17	2844844	2844845	T/Y	0	0
19	36476434	36476435	T/Y	0	0
20	2025455	2025456	C/C	0	0
21	41965269	41965270	C/C	0	0
