1	243495627	243495628	T/G	4	1
1	243495633	243495634	T/C	4	1
1	243495640	243495641	T/C	0	2
1	243495645	243495646	T/C	0	2
1	244986044	244986045	C/T	30	1
1	244986094	244986095	C/T	33	2
1	245218745	245218746	T/G	4	1
1	246205919	246205920	A/G	30	1
2	400085	400086	A/C	4	1
2	737828	737829	C/T	30	1
2	737909	737910	T/C	11	1
2	737921	737922	A/C	11	1
2	738008	738009	G/C	4	1
2	738023	738024	T/G	4	1
2	738034	738035	A/G	4	1
2	738095	738096	T/C	30	1
