1	241757824	241757825	C/A	30	1
1	241757862	241757863	G/C	30	1
1	241757864	241757865	G/C	30	1
1	243232617	243232618	G/A	30	1
1	244986044	244986045	C/T	30	1
1	244986094	244986095	C/T	33	2
1	246205919	246205920	A/G	30	1
2	737828	737829	C/T	30	1
2	737909	737910	T/C	11	1
2	737921	737922	A/C	11	1
2	738095	738096	T/C	30	1
2	1338922	1338923	A/T	30	1
2	1338974	1338975	A/T	30	1
2	2098461	2098462	G/C	12	1
2	2835388	2835389	T/G	30	1
