1	176	177	A/M	19
1	230	231	C/M	53
1	4461	4462	T/A	20
1	5052	5053	G/R	28
1	56344	56345	T/A	20
1	56378	56379	T/A	17
1	67003	67004	C/T	18
1	73755	73756	A/G	17
1	73761	73762	A/G	16
1	73765	73766	A/G	17
1	73769	73770	A/G	17
1	73773	73774	A/G	16
1	78602	78603	T/C	16
1	78628	78629	A/T	17
1	78629	78630	C/T	23
1	88859	88860	G/K	22
1	125879	125880	C/T	17
1	164795	164796	A/G	16
1	164797	164798	A/G	15
1	219764	219765	G/K	30
