1	137	138	T/Y	30	170
1	143	144	T/Y	31	135
1	179	180	T/Y	31	329
1	230	231	C/M	33	132
1	233	234	C/Y	33	153
1	247	248	A/W	34	69
1	249	250	A/M	31	70
1	254	255	A/W	33	42
1	256	257	A/M	33	60
1	290	291	C/Y	27	17
1	314	315	C/Y	28	19
1	320	321	C/Y	29	26
1	326	327	T/Y	28	27
1	327	328	A/W	27	32
1	389	390	C/M	32	110
1	392	393	C/Y	34	107
1	396	397	C/M	32	104
1	439	440	C/M	34	65
1	442	443	C/Y	34	88
1	469	470	G/R	32	27
1	471	472	G/S	32	30
1	472	473	G/S	33	29
1	481	482	G/S	32	31
1	518	519	G/S	35	22
1	582	583	G/R	33	17
1	602	603	G/R	34	16
1	4769	4770	A/R	35	49
1	4792	4793	A/G	34	56
1	4980	4981	A/R	35	16
1	5052	5053	G/R	33	14
1	5073	5074	T/G	0	15
