1	27915	27915	-/T
1	28326	28327	T/-
1	44835	44839	AAAT/-
1	175042	175042	-/CA
1	243850	243854	AAGT/-
1	245334	245338	TTTA/-
1	253243	253245	CT/-
1	404661	404663	GT/-
1	456200	456204	ATTC/-
1	460192	460192	-/AG
1	523385	523385	-/AAG
1	527112	527112	-/AA
1	612953	612954	G/-
1	683614	683614	-/TC
1	701060	701060	-/CC
1	726010	726010	-/GAATG
1	726061	726061	-/GCTCA
1	734876	734876	-/A
