1	7404470	7404470	*/CCTATGTCTCCT	*	6
1	7409336	7409336	*/CTC	+	7
1	7416053	7416055	TG/*	-	11
1	7417000	7417001	C/*	-	3
1	7417097	7417101	CCAT/*	.	16
1	7417098	7417102	CATT/*	*	16
1	7417524	7417525	A/*	-	10
1	7430268	7430269	G/*	-	8
1	7431553	7431554	C/*	-	11
1	7433527	7433527	*/G	*	8
1	7435579	7435580	C/*	-	12
1	7443091	7443092	G/*	-	14
1	7443240	7443241	C/*	-	2
1	7448141	7448142	G/*	*	5
1	7455564	7455564	*/C	-	13
1	7460922	7460922	*/TG	*	10
1	7460925	7460925	*/GG	.	8
1	7461358	7461358	*/TTTA	*	11
1	7461677	7461678	G/*	-	8
1	7462584	7462586	TA/*	*	8
1	7462752	7462752	*/GC	-	10
1	7462865	7462867	AC/*	-	1
