1	233507473	233507475	*/A
1	235810392	235810393	A/*
1	236555531	236555533	TG/*
1	239352592	239352594	AA/*
2	19605444	19605446	*/CT
2	24169340	24169342	*/A
2	24476030	24476031	A/*
2	29082560	29082562	*/TG
