1	6	6	*/A	0	53
1	7	7	*/A	0	54
1	9	9	*/C	0	55
1	11	11	*/N	0	72
1	13	14	A/*	12	88
1	15	15	*/C	0	100
1	18	18	*/T	0	118
1	19	19	*/A	0	124
1	21	21	*/C	0	132
1	24	24	*/T	0	142
1	27	27	*/C	0	156
1	28	28	*/CCAAA	0	160
1	31	32	A/*	0	168
1	33	33	*/C	0	172
1	35	38	CTA/*	0	188
1	36	37	T/*	34	222
1	37	38	A/*	49	229
1	38	38	*/ACC	0	241
1	39	39	*/C	0	245
1	40	40	*/A	0	253
