1	247	248	A/*	33	89
1	254	255	A/*	34	54
1	329	330	C/*	29	45
1	351	351	*/A	32	83
1	439	440	C/*	31	94
1	43001	43003	AA/*	39	10
1	63705	63706	T/*	36	19
1	73711	73711	*/G	37	15
1	73892	73892	*/A	37	20
1	98407	98407	*/A	37	16
1	233713	233717	AAGT/*	37	49
1	235196	235196	*/TTTA	34	20
1	237779	237782	AGG/*	33	27
1	237854	237856	AA/*	33	26
1	245771	245771	*/TG	36	16
1	394524	394526	GT/*	30	23
1	530403	530404	C/*	35	7
1	536872	536874	GT/*	35	10
1	536976	536978	GT/*	32	12
1	664844	664844	*/T	36	25
1	703648	703648	*/GCT	33	20
1	713661	713663	AG/*	31	23
1	715613	715613	*/T	36	38
1	716153	716154	T/*	35	41
