1	84647760	84647761	C/Y	0	0	SNP	ref	SNP	ref
2	224934755	224934756	G/G	0	0	ref	ref	ref	ref
5	156323557	156323558	G/G	0	0	ref	ref	ref	ref
5	158662524	158662525	C/T	0	0	SNP	SNP	SNP	SNP
6	169694702	169694703	T/T	0	0	ref	ref	ref	ref
7	12953584	12953585	T/T	0	0	ref	ref	ref	ref
8	119481631	119481632	C/C	0	0	ref	ref	ref	ref
9	22966591	22966592	A/A	0	0	ref	ref	ref	ref
11	6366365	6366366	G/G	0	0	ref	ref	ref	ref
13	76334808	76334809	G/T	0	0	SNP	SNP	SNP	SNP
